PS C:\Users\suriya\Desktop\git_folder> git clone https://github.com/SURIYALAKSHMI29/sample_upload.git
Cloning into 'sample_upload'...
remote: Enumerating objects: 3, done.
remote: Counting objects: 100% (3/3), done.
remote: Total 3 (delta 0), reused 0 (delta 0), pack-reused 0
Receiving objects: 100% (3/3), done.
PS C:\Users\suriya\Desktop\git_folder> cd sample_upload
PS C:\Users\suriya\Desktop\git_folder\sample_upload> git status
On branch main
Your branch is up to date with 'origin/main'.

Untracked files:
  (use "git add <file>..." to include in what will be committed)
        sample2.txt

nothing added to commit but untracked files present (use "git add" to track)
PS C:\Users\suriya\Desktop\git_folder\sample_upload> git add sample2.txt
PS C:\Users\suriya\Desktop\git_folder\sample_upload> git status
On branch main
Your branch is up to date with 'origin/main'.

Changes to be committed:
  (use "git restore --staged <file>..." to unstage)
        new file:   sample2.txt

PS C:\Users\suriya\Desktop\git_folder\sample_upload> git commit -m "sample2.txt added"
[main 0da89c2] sample2.txt added
 1 file changed, 1 insertion(+)
 create mode 100644 sample2.txt
PS C:\Users\suriya\Desktop\git_folder\sample_upload> git push origin main
info: please complete authentication in your browser...
Enumerating objects: 4, done.
Counting objects: 100% (4/4), done.
Delta compression using up to 12 threads
Compressing objects: 100% (2/2), done.
Writing objects: 100% (3/3), 296 bytes | 296.00 KiB/s, done.
Total 3 (delta 0), reused 0 (delta 0), pack-reused 0 (from 0)
To https://github.com/SURIYALAKSHMI29/sample_upload.git
   daef876..0da89c2  main -> main